// Jest Snapshot v1, https://goo.gl/fbAQLP

exports[`Visualizations -> Custom Table -> Editor -> Grid Settings Changes items per page 1`] = `
Object {
  "itemsPerPage": 100,
}
`;
